<html>
<body>
<pre>
<h1>µVision Build Log</h1>
<h2>Tool Versions:</h2>
IDE-Version: µVision V5.26.2.0
Copyright (C) 2018 ARM Ltd and ARM Germany GmbH. All rights reserved.
License Information: Canberk Yýldýrým, Bogazici University, LIC=----
 
Tool Versions:
Toolchain:       MDK-Lite  Version: 5.26.2.0
Toolchain Path:  C:\Keil_v5\ARM\ARMCC\Bin
C Compiler:      Armcc.exe V5.06 update 6 (build 750)
Assembler:       Armasm.exe V5.06 update 6 (build 750)
Linker/Locator:  ArmLink.exe V5.06 update 6 (build 750)
Library Manager: ArmAr.exe V5.06 update 6 (build 750)
Hex Converter:   FromElf.exe V5.06 update 6 (build 750)
CPU DLL:         SARMCM3.DLL V5.26.2.0
Dialog DLL:      DCM.DLL V1.17.2.0
Target DLL:      CMSIS_AGDI.dll V1.30.6.0
Dialog DLL:      TCM.DLL V1.36.1.0
 
<h2>Project:</h2>
C:\Users\canberky_\Desktop\443son (2)\443PROJE\LAB_005.uvprojx
Project File Date:  12/29/2018

<h2>Output:</h2>
*** Using Compiler 'V5.06 update 6 (build 750)', folder: 'C:\Keil_v5\ARM\ARMCC\Bin'
Build target 'NXP_LPC4088'
compiling main.c...
main.c(43): warning:  #61-D: integer operation result is out of range
  	GPIO_DIR_Write(PORT1, 1<<31, 1);//P20
main.c(43): warning:  #68-D: integer conversion resulted in a change of sign
  	GPIO_DIR_Write(PORT1, 1<<31, 1);//P20
main.c(81): warning:  #61-D: integer operation result is out of range
  		GPIO_PIN_Write(PORT1, 1<<31, 1);
main.c(81): warning:  #68-D: integer conversion resulted in a change of sign
  		GPIO_PIN_Write(PORT1, 1<<31, 1);
main.c(84): warning:  #61-D: integer operation result is out of range
  		GPIO_PIN_Write(PORT1, 1<<31, 0);
main.c(84): warning:  #68-D: integer conversion resulted in a change of sign
  		GPIO_PIN_Write(PORT1, 1<<31, 0);
main.c(87): warning:  #61-D: integer operation result is out of range
  		GPIO_PIN_Write(PORT1, 1<<31, 0);
main.c(87): warning:  #68-D: integer conversion resulted in a change of sign
  		GPIO_PIN_Write(PORT1, 1<<31, 0);
main.c(236): warning:  #111-D: statement is unreachable
  		Serial_WriteData(c);
main.c(220): warning:  #177-D: variable "result"  was declared but never referenced
  	int result = 0;
main.c(221): warning:  #177-D: variable "num0"  was declared but never referenced
  	int num0 = 0;
main.c(222): warning:  #177-D: variable "num1"  was declared but never referenced
  	int num1 = 0;
main.c(223): warning:  #177-D: variable "op"  was declared but never referenced
  	char op;
main.c(224): warning:  #177-D: variable "isSecond"  was declared but never referenced
  	int isSecond = 0;
main.c: 14 warnings, 0 errors
linking...
Program Size: Code=5652 RO-data=260 RW-data=124 ZI-data=1028  
".\Objects\LAB_005.axf" - 0 Error(s), 14 Warning(s).

<h2>Software Packages used:</h2>

Package Vendor: ARM
                http://www.keil.com/pack/ARM.CMSIS.5.4.0.pack
                ARM.CMSIS.5.4.0
                CMSIS (Cortex Microcontroller Software Interface Standard)
   * Component: CORE Version: 5.1.2

Package Vendor: Keil
                http://www.keil.com/pack/Keil.LPC4000_DFP.2.1.0.pack
                Keil.LPC4000_DFP.2.1.0
                NXP LPC4000 Series Device Support
   * Component: Startup Version: 1.0.1

<h2>Collection of Component include folders:</h2>
  .\RTE\Device\LPC4088FET208
  .\RTE\_NXP_LPC4088
  C:\Keil_v5\ARM\PACK\ARM\CMSIS\5.4.0\CMSIS\Core\Include
  C:\Keil_v5\ARM\PACK\Keil\LPC4000_DFP\2.1.0\Device\Include

<h2>Collection of Component Files used:</h2>

   * Component: ARM::CMSIS:CORE:5.1.2

   * Component: Keil::Device:Startup:1.0.1
      Include file:  RTE_Driver\Config\RTE_Device.h
      Source file:   Device\Source\ARM\startup_LPC407x_8x_177x_8x.s
      Include file:  Device\Include\LPC407x_8x_177x_8x.h
      Include file:  Device\Include\system_LPC407x_8x_177x_8x.h
      Source file:   Device\Source\system_LPC407x_8x_177x_8x.c
Build Time Elapsed:  00:00:01
</pre>
</body>
</html>
