Component: ARM Compiler 5.06 update 6 (build 750) Tool: armlink [4d35ed]

==============================================================================

Section Cross References

    main.o(i.LED) refers to gpio.o(i.GPIO_PIN_Write) for GPIO_PIN_Write
    main.o(i.backward) refers to pwm.o(i.PWM_Cycle_Rate) for PWM_Cycle_Rate
    main.o(i.backward) refers to pwm.o(i.PWM_Write) for PWM_Write
    main.o(i.backward) refers to main.o(i.motorLeft) for motorLeft
    main.o(i.backward) refers to main.o(i.motorRight) for motorRight
    main.o(i.backward) refers to main.o(i.LED) for LED
    main.o(i.backward) refers to main.o(.data) for CW
    main.o(i.forward) refers to pwm.o(i.PWM_Cycle_Rate) for PWM_Cycle_Rate
    main.o(i.forward) refers to pwm.o(i.PWM_Write) for PWM_Write
    main.o(i.forward) refers to main.o(i.motorLeft) for motorLeft
    main.o(i.forward) refers to main.o(i.motorRight) for motorRight
    main.o(i.forward) refers to main.o(.data) for CCW
    main.o(i.init) refers to ultrasonic.o(i.Ultrasonic_Trigger_Timer_Init) for Ultrasonic_Trigger_Timer_Init
    main.o(i.init) refers to ultrasonic.o(i.Ultrasonic_Capture_Timer_Init) for Ultrasonic_Capture_Timer_Init
    main.o(i.init) refers to timer.o(i.Timer_Init) for Timer_Init
    main.o(i.init) refers to joystick.o(i.Joystick_Init) for Joystick_Init
    main.o(i.init) refers to adc.o(i.ADC_Init) for ADC_Init
    main.o(i.init) refers to serial.o(i.Serial_Init) for Serial_Init
    main.o(i.init) refers to gpio.o(i.GPIO_DIR_Write) for GPIO_DIR_Write
    main.o(i.init) refers to pwm.o(i.PWM_Init) for PWM_Init
    main.o(i.init) refers to pwm.o(i.PWM_Cycle_Rate) for PWM_Cycle_Rate
    main.o(i.init) refers to pwm.o(i.PWM_Write) for PWM_Write
    main.o(i.init) refers to main.o(.data) for turn
    main.o(i.left) refers to pwm.o(i.PWM_Cycle_Rate) for PWM_Cycle_Rate
    main.o(i.left) refers to pwm.o(i.PWM_Write) for PWM_Write
    main.o(i.left) refers to main.o(i.motorLeft) for motorLeft
    main.o(i.left) refers to main.o(i.motorRight) for motorRight
    main.o(i.left) refers to main.o(.data) for ROBOT_SPEED
    main.o(i.main) refers to main.o(i.init) for init
    main.o(i.main) refers to main.o(i.update) for update
    main.o(i.motorLeft) refers to gpio.o(i.GPIO_PIN_Write) for GPIO_PIN_Write
    main.o(i.motorRight) refers to gpio.o(i.GPIO_PIN_Write) for GPIO_PIN_Write
    main.o(i.pressed) refers to joystick.o(i.Joystick_Left_Pressed) for Joystick_Left_Pressed
    main.o(i.pressed) refers to joystick.o(i.Joystick_Up_Pressed) for Joystick_Up_Pressed
    main.o(i.pressed) refers to joystick.o(i.Joystick_Down_Pressed) for Joystick_Down_Pressed
    main.o(i.pressed) refers to joystick.o(i.Joystick_Center_Pressed) for Joystick_Center_Pressed
    main.o(i.pressed) refers to joystick.o(i.Joystick_Right_Pressed) for Joystick_Right_Pressed
    main.o(i.right) refers to pwm.o(i.PWM_Cycle_Rate) for PWM_Cycle_Rate
    main.o(i.right) refers to pwm.o(i.PWM_Write) for PWM_Write
    main.o(i.right) refers to main.o(i.motorLeft) for motorLeft
    main.o(i.right) refers to main.o(i.motorRight) for motorRight
    main.o(i.right) refers to main.o(.data) for ROBOT_SPEED
    main.o(i.stop) refers to main.o(i.motorLeft) for motorLeft
    main.o(i.stop) refers to main.o(i.motorRight) for motorRight
    main.o(i.stop) refers to main.o(i.LED) for LED
    main.o(i.stop) refers to main.o(.data) for S
    main.o(i.update) refers to ultrasonic.o(i.Ultrasonic_Start_Trigger) for Ultrasonic_Start_Trigger
    main.o(i.update) refers to serial.o(i.Serial_ReadData) for Serial_ReadData
    main.o(i.update) refers to serial.o(i.Serial_WriteData) for Serial_WriteData
    main.o(i.update) refers to serial.o(i.Serial_Write) for Serial_Write
    main.o(i.update) refers to wait.o(i.wait) for wait
    main.o(i.update) refers to joystick.o(i.Joystick_Left_Pressed) for Joystick_Left_Pressed
    main.o(i.update) refers to adc.o(i.ADC_Read_Trim) for ADC_Read_Trim
    main.o(i.update) refers to main.o(i.left) for left
    main.o(i.update) refers to main.o(i.LED) for LED
    main.o(i.update) refers to main.o(i.pressed) for pressed
    main.o(i.update) refers to main.o(i.stop) for stop
    main.o(i.update) refers to joystick.o(i.Joystick_Right_Pressed) for Joystick_Right_Pressed
    main.o(i.update) refers to main.o(i.right) for right
    main.o(i.update) refers to joystick.o(i.Joystick_Up_Pressed) for Joystick_Up_Pressed
    main.o(i.update) refers to adc.o(i.ADC_Read) for ADC_Read
    main.o(i.update) refers to adc.o(i.ADC_Read2) for ADC_Read2
    main.o(i.update) refers to main.o(.data) for cap
    main.o(i.update) refers to ultrasonic.o(.data) for ultrasonicSensorFallingTime
    main.o(i.update) refers to main.o(i.forward) for forward
    main.o(i.update) refers to joystick.o(i.Joystick_Down_Pressed) for Joystick_Down_Pressed
    main.o(i.update) refers to main.o(i.backward) for backward
    main.o(i.update) refers to joystick.o(i.Joystick_Center_Pressed) for Joystick_Center_Pressed
    joystick.o(i.Joystick_Center_Pressed) refers to gpio.o(i.GPIO_PIN_Read) for GPIO_PIN_Read
    joystick.o(i.Joystick_Down_Pressed) refers to gpio.o(i.GPIO_PIN_Read) for GPIO_PIN_Read
    joystick.o(i.Joystick_Init) refers to gpio.o(i.GPIO_DIR_Write) for GPIO_DIR_Write
    joystick.o(i.Joystick_Left_Pressed) refers to gpio.o(i.GPIO_PIN_Read) for GPIO_PIN_Read
    joystick.o(i.Joystick_Right_Pressed) refers to gpio.o(i.GPIO_PIN_Read) for GPIO_PIN_Read
    joystick.o(i.Joystick_Up_Pressed) refers to gpio.o(i.GPIO_PIN_Read) for GPIO_PIN_Read
    pwm.o(i.PWM_Init) refers to pwm.o(i.PWM_Write) for PWM_Write
    ultrasonic.o(i.TIMER3_IRQHandler) refers to ultrasonic.o(i.__NVIC_ClearPendingIRQ) for __NVIC_ClearPendingIRQ
    ultrasonic.o(i.TIMER3_IRQHandler) refers to ultrasonic.o(.data) for ultrasonicSensorEdgeCount
    ultrasonic.o(i.Ultrasonic_Capture_Timer_Init) refers to ultrasonic.o(i.__NVIC_ClearPendingIRQ) for __NVIC_ClearPendingIRQ
    ultrasonic.o(i.Ultrasonic_Start_Trigger) refers to ultrasonic.o(.data) for ultrasonicSensorEdgeCount
    adc.o(i.ADC_Read) refers to adc.o(i.ADC_Start) for ADC_Start
    adc.o(i.ADC_Read) refers to adc.o(i.ADC_Stop) for ADC_Stop
    adc.o(i.ADC_Read2) refers to adc.o(i.ADC_Start) for ADC_Start
    adc.o(i.ADC_Read2) refers to adc.o(i.ADC_Stop) for ADC_Stop
    adc.o(i.ADC_Read_Trim) refers to adc.o(i.ADC_Start) for ADC_Start
    adc.o(i.ADC_Read_Trim) refers to adc.o(i.ADC_Stop) for ADC_Stop
    serial.o(i.Serial_Write) refers to serial.o(i.Serial_WriteData) for Serial_WriteData
    startup_lpc407x_8x_177x_8x.o(RESET) refers to startup_lpc407x_8x_177x_8x.o(STACK) for __initial_sp
    startup_lpc407x_8x_177x_8x.o(RESET) refers to startup_lpc407x_8x_177x_8x.o(.text) for Reset_Handler
    startup_lpc407x_8x_177x_8x.o(RESET) refers to ultrasonic.o(i.TIMER3_IRQHandler) for TIMER3_IRQHandler
    startup_lpc407x_8x_177x_8x.o(.text) refers to system_lpc407x_8x_177x_8x.o(i.SystemInit) for SystemInit
    startup_lpc407x_8x_177x_8x.o(.text) refers to entry.o(.ARM.Collect$$$$00000000) for __main
    system_lpc407x_8x_177x_8x.o(i.SystemCoreClockUpdate) refers to system_lpc407x_8x_177x_8x.o(.data) for SystemCoreClock
    system_lpc407x_8x_177x_8x.o(i.SystemInit) refers to system_lpc407x_8x_177x_8x.o(i.fpu_init) for fpu_init
    system_lpc407x_8x_177x_8x.o(i.SystemInit) refers to system_lpc407x_8x_177x_8x.o(i.SystemCoreClockUpdate) for SystemCoreClockUpdate
    entry.o(.ARM.Collect$$$$00000000) refers (Special) to entry10a.o(.ARM.Collect$$$$0000000D) for __rt_final_cpp
    entry.o(.ARM.Collect$$$$00000000) refers (Special) to entry11a.o(.ARM.Collect$$$$0000000F) for __rt_final_exit
    entry.o(.ARM.Collect$$$$00000000) refers (Special) to entry7b.o(.ARM.Collect$$$$00000008) for _main_clock
    entry.o(.ARM.Collect$$$$00000000) refers (Special) to entry8b.o(.ARM.Collect$$$$0000000A) for _main_cpp_init
    entry.o(.ARM.Collect$$$$00000000) refers (Special) to entry9a.o(.ARM.Collect$$$$0000000B) for _main_init
    entry.o(.ARM.Collect$$$$00000000) refers (Special) to entry5.o(.ARM.Collect$$$$00000004) for _main_scatterload
    entry.o(.ARM.Collect$$$$00000000) refers (Special) to entry2.o(.ARM.Collect$$$$00000001) for _main_stk
    entry2.o(.ARM.Collect$$$$00000001) refers to entry2.o(.ARM.Collect$$$$00002712) for __lit__00000000
    entry2.o(.ARM.Collect$$$$00002712) refers to startup_lpc407x_8x_177x_8x.o(STACK) for __initial_sp
    entry2.o(__vectab_stack_and_reset_area) refers to startup_lpc407x_8x_177x_8x.o(STACK) for __initial_sp
    entry2.o(__vectab_stack_and_reset_area) refers to entry.o(.ARM.Collect$$$$00000000) for __main
    entry5.o(.ARM.Collect$$$$00000004) refers to init.o(.text) for __scatterload
    entry9a.o(.ARM.Collect$$$$0000000B) refers to main.o(i.main) for main
    entry9b.o(.ARM.Collect$$$$0000000C) refers to main.o(i.main) for main
    init.o(.text) refers to entry5.o(.ARM.Collect$$$$00000004) for __main_after_scatterload


==============================================================================

Removing Unused input sections from the image.

    Removing main.o(.rev16_text), (4 bytes).
    Removing main.o(.revsh_text), (4 bytes).
    Removing main.o(.rrx_text), (6 bytes).
    Removing main.o(i.charToInt), (8 bytes).
    Removing gpio.o(.rev16_text), (4 bytes).
    Removing gpio.o(.revsh_text), (4 bytes).
    Removing gpio.o(.rrx_text), (6 bytes).
    Removing joystick.o(.rev16_text), (4 bytes).
    Removing joystick.o(.revsh_text), (4 bytes).
    Removing joystick.o(.rrx_text), (6 bytes).
    Removing pwm.o(.rev16_text), (4 bytes).
    Removing pwm.o(.revsh_text), (4 bytes).
    Removing pwm.o(.rrx_text), (6 bytes).
    Removing timer.o(.rev16_text), (4 bytes).
    Removing timer.o(.revsh_text), (4 bytes).
    Removing timer.o(.rrx_text), (6 bytes).
    Removing timer.o(.data), (12 bytes).
    Removing ultrasonic.o(.rev16_text), (4 bytes).
    Removing ultrasonic.o(.revsh_text), (4 bytes).
    Removing ultrasonic.o(.rrx_text), (6 bytes).
    Removing wait.o(.rev16_text), (4 bytes).
    Removing wait.o(.revsh_text), (4 bytes).
    Removing wait.o(.rrx_text), (6 bytes).
    Removing wait.o(i.waitMicroseconds), (18 bytes).
    Removing adc.o(.rev16_text), (4 bytes).
    Removing adc.o(.revsh_text), (4 bytes).
    Removing adc.o(.rrx_text), (6 bytes).
    Removing adc.o(.data), (5 bytes).
    Removing serial.o(.rev16_text), (4 bytes).
    Removing serial.o(.revsh_text), (4 bytes).
    Removing serial.o(.rrx_text), (6 bytes).
    Removing serial.o(.data), (6 bytes).
    Removing startup_lpc407x_8x_177x_8x.o(HEAP), (0 bytes).
    Removing system_lpc407x_8x_177x_8x.o(.rev16_text), (4 bytes).
    Removing system_lpc407x_8x_177x_8x.o(.revsh_text), (4 bytes).
    Removing system_lpc407x_8x_177x_8x.o(.rrx_text), (6 bytes).

36 unused section(s) (total 189 bytes) removed from the image.

==============================================================================

Image Symbol Table

    Local Symbols

    Symbol Name                              Value     Ov Type        Size  Object(Section)

    RESET                                    0x00000000   Section      228  startup_lpc407x_8x_177x_8x.o(RESET)
    ../clib/microlib/init/entry.s            0x00000000   Number         0  entry11b.o ABSOLUTE
    ../clib/microlib/init/entry.s            0x00000000   Number         0  entry10b.o ABSOLUTE
    ../clib/microlib/init/entry.s            0x00000000   Number         0  entry10a.o ABSOLUTE
    ../clib/microlib/init/entry.s            0x00000000   Number         0  entry9b.o ABSOLUTE
    ../clib/microlib/init/entry.s            0x00000000   Number         0  entry9a.o ABSOLUTE
    ../clib/microlib/init/entry.s            0x00000000   Number         0  entry8b.o ABSOLUTE
    ../clib/microlib/init/entry.s            0x00000000   Number         0  entry8a.o ABSOLUTE
    ../clib/microlib/init/entry.s            0x00000000   Number         0  entry7b.o ABSOLUTE
    ../clib/microlib/init/entry.s            0x00000000   Number         0  entry7a.o ABSOLUTE
    ../clib/microlib/init/entry.s            0x00000000   Number         0  entry5.o ABSOLUTE
    ../clib/microlib/init/entry.s            0x00000000   Number         0  entry2.o ABSOLUTE
    ../clib/microlib/init/entry.s            0x00000000   Number         0  entry.o ABSOLUTE
    ../clib/microlib/init/entry.s            0x00000000   Number         0  entry11a.o ABSOLUTE
    Library\ADC.c                            0x00000000   Number         0  adc.o ABSOLUTE
    Library\GPIO.c                           0x00000000   Number         0  gpio.o ABSOLUTE
    Library\Joystick.c                       0x00000000   Number         0  joystick.o ABSOLUTE
    Library\PWM.c                            0x00000000   Number         0  pwm.o ABSOLUTE
    Library\Serial.c                         0x00000000   Number         0  serial.o ABSOLUTE
    Library\Timer.c                          0x00000000   Number         0  timer.o ABSOLUTE
    Library\Ultrasonic.c                     0x00000000   Number         0  ultrasonic.o ABSOLUTE
    Library\Wait.c                           0x00000000   Number         0  wait.o ABSOLUTE
    Library\\ADC.c                           0x00000000   Number         0  adc.o ABSOLUTE
    Library\\GPIO.c                          0x00000000   Number         0  gpio.o ABSOLUTE
    Library\\Joystick.c                      0x00000000   Number         0  joystick.o ABSOLUTE
    Library\\PWM.c                           0x00000000   Number         0  pwm.o ABSOLUTE
    Library\\Serial.c                        0x00000000   Number         0  serial.o ABSOLUTE
    Library\\Timer.c                         0x00000000   Number         0  timer.o ABSOLUTE
    Library\\Ultrasonic.c                    0x00000000   Number         0  ultrasonic.o ABSOLUTE
    Library\\Wait.c                          0x00000000   Number         0  wait.o ABSOLUTE
    RTE\Device\LPC4088FET208\startup_LPC407x_8x_177x_8x.s 0x00000000   Number         0  startup_lpc407x_8x_177x_8x.o ABSOLUTE
    RTE\Device\LPC4088FET208\system_LPC407x_8x_177x_8x.c 0x00000000   Number         0  system_lpc407x_8x_177x_8x.o ABSOLUTE
    RTE\\Device\\LPC4088FET208\\system_LPC407x_8x_177x_8x.c 0x00000000   Number         0  system_lpc407x_8x_177x_8x.o ABSOLUTE
    dc.s                                     0x00000000   Number         0  dc.o ABSOLUTE
    handlers.s                               0x00000000   Number         0  handlers.o ABSOLUTE
    init.s                                   0x00000000   Number         0  init.o ABSOLUTE
    main.c                                   0x00000000   Number         0  main.o ABSOLUTE
    main.c                                   0x00000000   Number         0  main.o ABSOLUTE
    .ARM.Collect$$$$00000000                 0x000000e4   Section        0  entry.o(.ARM.Collect$$$$00000000)
    .ARM.Collect$$$$00000001                 0x000000e4   Section        4  entry2.o(.ARM.Collect$$$$00000001)
    .ARM.Collect$$$$00000004                 0x000000e8   Section        4  entry5.o(.ARM.Collect$$$$00000004)
    .ARM.Collect$$$$00000008                 0x000000ec   Section        0  entry7b.o(.ARM.Collect$$$$00000008)
    .ARM.Collect$$$$0000000A                 0x000000ec   Section        0  entry8b.o(.ARM.Collect$$$$0000000A)
    .ARM.Collect$$$$0000000B                 0x000000ec   Section        8  entry9a.o(.ARM.Collect$$$$0000000B)
    .ARM.Collect$$$$0000000D                 0x000000f4   Section        0  entry10a.o(.ARM.Collect$$$$0000000D)
    .ARM.Collect$$$$0000000F                 0x000000f4   Section        0  entry11a.o(.ARM.Collect$$$$0000000F)
    .ARM.Collect$$$$00002712                 0x000000f4   Section        4  entry2.o(.ARM.Collect$$$$00002712)
    __lit__00000000                          0x000000f4   Data           4  entry2.o(.ARM.Collect$$$$00002712)
    .text                                    0x000000f8   Section       36  startup_lpc407x_8x_177x_8x.o(.text)
    $v0                                      0x000000f8   Number         0  startup_lpc407x_8x_177x_8x.o(.text)
    .text                                    0x0000011c   Section       36  init.o(.text)
    i.ADC_Init                               0x00000140   Section        0  adc.o(i.ADC_Init)
    i.ADC_Read                               0x000001d0   Section        0  adc.o(i.ADC_Read)
    i.ADC_Read2                              0x00000220   Section        0  adc.o(i.ADC_Read2)
    i.ADC_Read_Trim                          0x00000270   Section        0  adc.o(i.ADC_Read_Trim)
    i.ADC_Start                              0x000002c0   Section        0  adc.o(i.ADC_Start)
    i.ADC_Stop                               0x000002d4   Section        0  adc.o(i.ADC_Stop)
    i.GPIO_DIR_Write                         0x000002e8   Section        0  gpio.o(i.GPIO_DIR_Write)
    i.__scatterload_null                     0x000002fa   Section        2  handlers.o(i.__scatterload_null)
    .ARM.__at_0x02FC                         0x000002fc   Section        4  startup_lpc407x_8x_177x_8x.o(.ARM.__at_0x02FC)
    i.GPIO_PIN_Read                          0x00000300   Section        0  gpio.o(i.GPIO_PIN_Read)
    i.GPIO_PIN_Write                         0x0000030a   Section        0  gpio.o(i.GPIO_PIN_Write)
    i.Joystick_Center_Pressed                0x0000031c   Section        0  joystick.o(i.Joystick_Center_Pressed)
    i.Joystick_Down_Pressed                  0x00000334   Section        0  joystick.o(i.Joystick_Down_Pressed)
    i.Joystick_Init                          0x0000034c   Section        0  joystick.o(i.Joystick_Init)
    i.Joystick_Left_Pressed                  0x00000388   Section        0  joystick.o(i.Joystick_Left_Pressed)
    i.Joystick_Right_Pressed                 0x000003a0   Section        0  joystick.o(i.Joystick_Right_Pressed)
    i.Joystick_Up_Pressed                    0x000003b8   Section        0  joystick.o(i.Joystick_Up_Pressed)
    i.LED                                    0x000003d0   Section        0  main.o(i.LED)
    i.PWM_Cycle_Rate                         0x00000418   Section        0  pwm.o(i.PWM_Cycle_Rate)
    i.PWM_Init                               0x00000438   Section        0  pwm.o(i.PWM_Init)
    i.PWM_Write                              0x000004c4   Section        0  pwm.o(i.PWM_Write)
    i.Serial_Init                            0x00000514   Section        0  serial.o(i.Serial_Init)
    i.Serial_ReadData                        0x00000580   Section        0  serial.o(i.Serial_ReadData)
    i.Serial_Write                           0x00000598   Section        0  serial.o(i.Serial_Write)
    i.Serial_WriteData                       0x000005b0   Section        0  serial.o(i.Serial_WriteData)
    i.SystemCoreClockUpdate                  0x000005c8   Section        0  system_lpc407x_8x_177x_8x.o(i.SystemCoreClockUpdate)
    i.SystemInit                             0x0000089c   Section        0  system_lpc407x_8x_177x_8x.o(i.SystemInit)
    i.TIMER3_IRQHandler                      0x00000988   Section        0  ultrasonic.o(i.TIMER3_IRQHandler)
    i.Timer_Init                             0x00000a34   Section        0  timer.o(i.Timer_Init)
    i.Ultrasonic_Capture_Timer_Init          0x00000aac   Section        0  ultrasonic.o(i.Ultrasonic_Capture_Timer_Init)
    i.Ultrasonic_Start_Trigger               0x00000b64   Section        0  ultrasonic.o(i.Ultrasonic_Start_Trigger)
    i.Ultrasonic_Trigger_Timer_Init          0x00000ba4   Section        0  ultrasonic.o(i.Ultrasonic_Trigger_Timer_Init)
    i.__NVIC_ClearPendingIRQ                 0x00000c10   Section        0  ultrasonic.o(i.__NVIC_ClearPendingIRQ)
    __NVIC_ClearPendingIRQ                   0x00000c11   Thumb Code    22  ultrasonic.o(i.__NVIC_ClearPendingIRQ)
    i.__scatterload_copy                     0x00000c2c   Section       14  handlers.o(i.__scatterload_copy)
    i.__scatterload_zeroinit                 0x00000c3a   Section       14  handlers.o(i.__scatterload_zeroinit)
    i.backward                               0x00000c48   Section        0  main.o(i.backward)
    i.forward                                0x00000cb8   Section        0  main.o(i.forward)
    i.fpu_init                               0x00000d08   Section        0  system_lpc407x_8x_177x_8x.o(i.fpu_init)
    i.init                                   0x00000d58   Section        0  main.o(i.init)
    i.left                                   0x00000e10   Section        0  main.o(i.left)
    i.main                                   0x00000e64   Section        0  main.o(i.main)
    i.motorLeft                              0x00000e70   Section        0  main.o(i.motorLeft)
    i.motorRight                             0x00000ecc   Section        0  main.o(i.motorRight)
    i.pressed                                0x00000f24   Section        0  main.o(i.pressed)
    i.right                                  0x00000f5c   Section        0  main.o(i.right)
    i.stop                                   0x00000fb4   Section        0  main.o(i.stop)
    i.update                                 0x00001018   Section        0  main.o(i.update)
    i.wait                                   0x000016e4   Section        0  wait.o(i.wait)
    .data                                    0x10000000   Section       88  main.o(.data)
    .data                                    0x10000058   Section       20  ultrasonic.o(.data)
    .data                                    0x1000006c   Section       16  system_lpc407x_8x_177x_8x.o(.data)
    STACK                                    0x10000080   Section     1024  startup_lpc407x_8x_177x_8x.o(STACK)

    Global Symbols

    Symbol Name                              Value     Ov Type        Size  Object(Section)

    BuildAttributes$$THM_ISAv4$E$P$D$K$B$S$7EM$VFPi3$EXTD16$VFPS$VFMA$PE$A:L22UL41UL21$X:L11$S22US41US21$IEEE1$IW$USESV6$~STKCKD$USESV7$~SHL$OSPACE$EBA8$MICROLIB$REQ8$PRES8$EABIv2 0x00000000   Number         0  anon$$obj.o ABSOLUTE
    __ARM_use_no_argv                        0x00000000   Number         0  main.o ABSOLUTE
    __Vectors                                0x00000000   Data           4  startup_lpc407x_8x_177x_8x.o(RESET)
    __cpp_initialize__aeabi_                  - Undefined Weak Reference
    __cxa_finalize                            - Undefined Weak Reference
    __decompress                              - Undefined Weak Reference
    _clock_init                               - Undefined Weak Reference
    _microlib_exit                            - Undefined Weak Reference
    __main                                   0x000000e5   Thumb Code     0  entry.o(.ARM.Collect$$$$00000000)
    _main_stk                                0x000000e5   Thumb Code     0  entry2.o(.ARM.Collect$$$$00000001)
    _main_scatterload                        0x000000e9   Thumb Code     0  entry5.o(.ARM.Collect$$$$00000004)
    __main_after_scatterload                 0x000000ed   Thumb Code     0  entry5.o(.ARM.Collect$$$$00000004)
    _main_clock                              0x000000ed   Thumb Code     0  entry7b.o(.ARM.Collect$$$$00000008)
    _main_cpp_init                           0x000000ed   Thumb Code     0  entry8b.o(.ARM.Collect$$$$0000000A)
    _main_init                               0x000000ed   Thumb Code     0  entry9a.o(.ARM.Collect$$$$0000000B)
    __rt_final_cpp                           0x000000f5   Thumb Code     0  entry10a.o(.ARM.Collect$$$$0000000D)
    __rt_final_exit                          0x000000f5   Thumb Code     0  entry11a.o(.ARM.Collect$$$$0000000F)
    Reset_Handler                            0x000000f9   Thumb Code     8  startup_lpc407x_8x_177x_8x.o(.text)
    NMI_Handler                              0x00000101   Thumb Code     2  startup_lpc407x_8x_177x_8x.o(.text)
    HardFault_Handler                        0x00000103   Thumb Code     2  startup_lpc407x_8x_177x_8x.o(.text)
    MemManage_Handler                        0x00000105   Thumb Code     2  startup_lpc407x_8x_177x_8x.o(.text)
    BusFault_Handler                         0x00000107   Thumb Code     2  startup_lpc407x_8x_177x_8x.o(.text)
    UsageFault_Handler                       0x00000109   Thumb Code     2  startup_lpc407x_8x_177x_8x.o(.text)
    SVC_Handler                              0x0000010b   Thumb Code     2  startup_lpc407x_8x_177x_8x.o(.text)
    DebugMon_Handler                         0x0000010d   Thumb Code     2  startup_lpc407x_8x_177x_8x.o(.text)
    PendSV_Handler                           0x0000010f   Thumb Code     2  startup_lpc407x_8x_177x_8x.o(.text)
    SysTick_Handler                          0x00000111   Thumb Code     2  startup_lpc407x_8x_177x_8x.o(.text)
    ADC_IRQHandler                           0x00000113   Thumb Code     0  startup_lpc407x_8x_177x_8x.o(.text)
    BOD_IRQHandler                           0x00000113   Thumb Code     0  startup_lpc407x_8x_177x_8x.o(.text)
    CANActivity_IRQHandler                   0x00000113   Thumb Code     0  startup_lpc407x_8x_177x_8x.o(.text)
    CAN_IRQHandler                           0x00000113   Thumb Code     0  startup_lpc407x_8x_177x_8x.o(.text)
    DMA_IRQHandler                           0x00000113   Thumb Code     0  startup_lpc407x_8x_177x_8x.o(.text)
    EEPROM_IRQHandler                        0x00000113   Thumb Code     0  startup_lpc407x_8x_177x_8x.o(.text)
    EINT0_IRQHandler                         0x00000113   Thumb Code     0  startup_lpc407x_8x_177x_8x.o(.text)
    EINT1_IRQHandler                         0x00000113   Thumb Code     0  startup_lpc407x_8x_177x_8x.o(.text)
    EINT2_IRQHandler                         0x00000113   Thumb Code     0  startup_lpc407x_8x_177x_8x.o(.text)
    EINT3_IRQHandler                         0x00000113   Thumb Code     0  startup_lpc407x_8x_177x_8x.o(.text)
    ENET_IRQHandler                          0x00000113   Thumb Code     0  startup_lpc407x_8x_177x_8x.o(.text)
    GPIO_IRQHandler                          0x00000113   Thumb Code     0  startup_lpc407x_8x_177x_8x.o(.text)
    I2C0_IRQHandler                          0x00000113   Thumb Code     0  startup_lpc407x_8x_177x_8x.o(.text)
    I2C1_IRQHandler                          0x00000113   Thumb Code     0  startup_lpc407x_8x_177x_8x.o(.text)
    I2C2_IRQHandler                          0x00000113   Thumb Code     0  startup_lpc407x_8x_177x_8x.o(.text)
    I2S_IRQHandler                           0x00000113   Thumb Code     0  startup_lpc407x_8x_177x_8x.o(.text)
    LCD_IRQHandler                           0x00000113   Thumb Code     0  startup_lpc407x_8x_177x_8x.o(.text)
    MCI_IRQHandler                           0x00000113   Thumb Code     0  startup_lpc407x_8x_177x_8x.o(.text)
    MCPWM_IRQHandler                         0x00000113   Thumb Code     0  startup_lpc407x_8x_177x_8x.o(.text)
    PLL0_IRQHandler                          0x00000113   Thumb Code     0  startup_lpc407x_8x_177x_8x.o(.text)
    PLL1_IRQHandler                          0x00000113   Thumb Code     0  startup_lpc407x_8x_177x_8x.o(.text)
    PWM0_IRQHandler                          0x00000113   Thumb Code     0  startup_lpc407x_8x_177x_8x.o(.text)
    PWM1_IRQHandler                          0x00000113   Thumb Code     0  startup_lpc407x_8x_177x_8x.o(.text)
    QEI_IRQHandler                           0x00000113   Thumb Code     0  startup_lpc407x_8x_177x_8x.o(.text)
    RTC_IRQHandler                           0x00000113   Thumb Code     0  startup_lpc407x_8x_177x_8x.o(.text)
    SSP0_IRQHandler                          0x00000113   Thumb Code     0  startup_lpc407x_8x_177x_8x.o(.text)
    SSP1_IRQHandler                          0x00000113   Thumb Code     0  startup_lpc407x_8x_177x_8x.o(.text)
    SSP2_IRQHandler                          0x00000113   Thumb Code     0  startup_lpc407x_8x_177x_8x.o(.text)
    TIMER0_IRQHandler                        0x00000113   Thumb Code     0  startup_lpc407x_8x_177x_8x.o(.text)
    TIMER1_IRQHandler                        0x00000113   Thumb Code     0  startup_lpc407x_8x_177x_8x.o(.text)
    TIMER2_IRQHandler                        0x00000113   Thumb Code     0  startup_lpc407x_8x_177x_8x.o(.text)
    UART0_IRQHandler                         0x00000113   Thumb Code     0  startup_lpc407x_8x_177x_8x.o(.text)
    UART1_IRQHandler                         0x00000113   Thumb Code     0  startup_lpc407x_8x_177x_8x.o(.text)
    UART2_IRQHandler                         0x00000113   Thumb Code     0  startup_lpc407x_8x_177x_8x.o(.text)
    UART3_IRQHandler                         0x00000113   Thumb Code     0  startup_lpc407x_8x_177x_8x.o(.text)
    UART4_IRQHandler                         0x00000113   Thumb Code     0  startup_lpc407x_8x_177x_8x.o(.text)
    USBActivity_IRQHandler                   0x00000113   Thumb Code     0  startup_lpc407x_8x_177x_8x.o(.text)
    USB_IRQHandler                           0x00000113   Thumb Code     0  startup_lpc407x_8x_177x_8x.o(.text)
    WDT_IRQHandler                           0x00000113   Thumb Code     0  startup_lpc407x_8x_177x_8x.o(.text)
    __scatterload                            0x0000011d   Thumb Code    28  init.o(.text)
    __scatterload_rt2                        0x0000011d   Thumb Code     0  init.o(.text)
    ADC_Init                                 0x00000141   Thumb Code   132  adc.o(i.ADC_Init)
    ADC_Read                                 0x000001d1   Thumb Code    76  adc.o(i.ADC_Read)
    ADC_Read2                                0x00000221   Thumb Code    76  adc.o(i.ADC_Read2)
    ADC_Read_Trim                            0x00000271   Thumb Code    76  adc.o(i.ADC_Read_Trim)
    ADC_Start                                0x000002c1   Thumb Code    14  adc.o(i.ADC_Start)
    ADC_Stop                                 0x000002d5   Thumb Code    14  adc.o(i.ADC_Stop)
    GPIO_DIR_Write                           0x000002e9   Thumb Code    18  gpio.o(i.GPIO_DIR_Write)
    __scatterload_null                       0x000002fb   Thumb Code     2  handlers.o(i.__scatterload_null)
    GPIO_PIN_Read                            0x00000301   Thumb Code    10  gpio.o(i.GPIO_PIN_Read)
    GPIO_PIN_Write                           0x0000030b   Thumb Code    18  gpio.o(i.GPIO_PIN_Write)
    Joystick_Center_Pressed                  0x0000031d   Thumb Code    20  joystick.o(i.Joystick_Center_Pressed)
    Joystick_Down_Pressed                    0x00000335   Thumb Code    20  joystick.o(i.Joystick_Down_Pressed)
    Joystick_Init                            0x0000034d   Thumb Code    54  joystick.o(i.Joystick_Init)
    Joystick_Left_Pressed                    0x00000389   Thumb Code    20  joystick.o(i.Joystick_Left_Pressed)
    Joystick_Right_Pressed                   0x000003a1   Thumb Code    20  joystick.o(i.Joystick_Right_Pressed)
    Joystick_Up_Pressed                      0x000003b9   Thumb Code    20  joystick.o(i.Joystick_Up_Pressed)
    LED                                      0x000003d1   Thumb Code    68  main.o(i.LED)
    PWM_Cycle_Rate                           0x00000419   Thumb Code    28  pwm.o(i.PWM_Cycle_Rate)
    PWM_Init                                 0x00000439   Thumb Code   124  pwm.o(i.PWM_Init)
    PWM_Write                                0x000004c5   Thumb Code    76  pwm.o(i.PWM_Write)
    Serial_Init                              0x00000515   Thumb Code    94  serial.o(i.Serial_Init)
    Serial_ReadData                          0x00000581   Thumb Code    20  serial.o(i.Serial_ReadData)
    Serial_Write                             0x00000599   Thumb Code    22  serial.o(i.Serial_Write)
    Serial_WriteData                         0x000005b1   Thumb Code    20  serial.o(i.Serial_WriteData)
    SystemCoreClockUpdate                    0x000005c9   Thumb Code   696  system_lpc407x_8x_177x_8x.o(i.SystemCoreClockUpdate)
    SystemInit                               0x0000089d   Thumb Code   220  system_lpc407x_8x_177x_8x.o(i.SystemInit)
    TIMER3_IRQHandler                        0x00000989   Thumb Code   152  ultrasonic.o(i.TIMER3_IRQHandler)
    Timer_Init                               0x00000a35   Thumb Code   106  timer.o(i.Timer_Init)
    Ultrasonic_Capture_Timer_Init            0x00000aad   Thumb Code   164  ultrasonic.o(i.Ultrasonic_Capture_Timer_Init)
    Ultrasonic_Start_Trigger                 0x00000b65   Thumb Code    54  ultrasonic.o(i.Ultrasonic_Start_Trigger)
    Ultrasonic_Trigger_Timer_Init            0x00000ba5   Thumb Code    96  ultrasonic.o(i.Ultrasonic_Trigger_Timer_Init)
    __scatterload_copy                       0x00000c2d   Thumb Code    14  handlers.o(i.__scatterload_copy)
    __scatterload_zeroinit                   0x00000c3b   Thumb Code    14  handlers.o(i.__scatterload_zeroinit)
    backward                                 0x00000c49   Thumb Code    90  main.o(i.backward)
    forward                                  0x00000cb9   Thumb Code    60  main.o(i.forward)
    fpu_init                                 0x00000d09   Thumb Code    62  system_lpc407x_8x_177x_8x.o(i.fpu_init)
    init                                     0x00000d59   Thumb Code   162  main.o(i.init)
    left                                     0x00000e11   Thumb Code    56  main.o(i.left)
    main                                     0x00000e65   Thumb Code    12  main.o(i.main)
    motorLeft                                0x00000e71   Thumb Code    88  main.o(i.motorLeft)
    motorRight                               0x00000ecd   Thumb Code    82  main.o(i.motorRight)
    pressed                                  0x00000f25   Thumb Code    56  main.o(i.pressed)
    right                                    0x00000f5d   Thumb Code    58  main.o(i.right)
    stop                                     0x00000fb5   Thumb Code    74  main.o(i.stop)
    update                                   0x00001019   Thumb Code  1708  main.o(i.update)
    wait                                     0x000016e5   Thumb Code    20  wait.o(i.wait)
    Region$$Table$$Base                      0x000016f8   Number         0  anon$$obj.o(Region$$Table)
    Region$$Table$$Limit                     0x00001718   Number         0  anon$$obj.o(Region$$Table)
    ROBOT_SPEED                              0x10000000   Data           4  main.o(.data)
    ROTATION_NUMBER_FOR_90_DEGREE            0x10000004   Data           4  main.o(.data)
    TURN_LEFT_FLAG                           0x10000008   Data           4  main.o(.data)
    TURN_RIGHT_FLAG                          0x1000000c   Data           4  main.o(.data)
    FORWARD_FLAG                             0x10000010   Data           4  main.o(.data)
    BACKWARD_FLAG                            0x10000014   Data           4  main.o(.data)
    OBSTACLE_DISTANCE                        0x10000018   Data           4  main.o(.data)
    OBSTACLE_ESCAPE_DISTANCE                 0x1000001c   Data           4  main.o(.data)
    temp                                     0x10000020   Data           4  main.o(.data)
    led                                      0x10000024   Data           4  main.o(.data)
    cap                                      0x10000028   Data           4  main.o(.data)
    counter                                  0x1000002c   Data           4  main.o(.data)
    CW                                       0x10000030   Data           4  main.o(.data)
    CCW                                      0x10000034   Data           4  main.o(.data)
    S                                        0x10000038   Data           4  main.o(.data)
    value                                    0x1000003c   Data           4  main.o(.data)
    trimpot                                  0x10000040   Data           4  main.o(.data)
    turn                                     0x10000044   Data           4  main.o(.data)
    left_ldr                                 0x10000048   Data           4  main.o(.data)
    right_ldr                                0x1000004c   Data           4  main.o(.data)
    leftspeed                                0x10000050   Data           4  main.o(.data)
    rightspeed                               0x10000054   Data           4  main.o(.data)
    ultrasonicSensorEdgeCount                0x10000058   Data           1  ultrasonic.o(.data)
    ultrasonicSensorRisingTime               0x1000005c   Data           4  ultrasonic.o(.data)
    ultrasonicSensorFallingTime              0x10000060   Data           4  ultrasonic.o(.data)
    ultrasonicSensorDuration                 0x10000064   Data           4  ultrasonic.o(.data)
    ultrasonicSensorDistance                 0x10000068   Data           4  ultrasonic.o(.data)
    SystemCoreClock                          0x1000006c   Data           4  system_lpc407x_8x_177x_8x.o(.data)
    PeripheralClock                          0x10000070   Data           4  system_lpc407x_8x_177x_8x.o(.data)
    EMCClock                                 0x10000074   Data           4  system_lpc407x_8x_177x_8x.o(.data)
    USBClock                                 0x10000078   Data           4  system_lpc407x_8x_177x_8x.o(.data)
    __initial_sp                             0x10000480   Data           0  startup_lpc407x_8x_177x_8x.o(STACK)



==============================================================================

Memory Map of the image

  Image Entry point : 0x000000f9

  Load Region LR_1 (Base: 0x00000000, Size: 0x00001794, Max: 0xffffffff, ABSOLUTE)

    Execution Region ER_RO (Exec base: 0x00000000, Load base: 0x00000000, Size: 0x00001718, Max: 0xffffffff, ABSOLUTE)

    Exec Addr    Load Addr    Size         Type   Attr      Idx    E Section Name        Object

    0x00000000   0x00000000   0x000000e4   Data   RO          537    RESET               startup_lpc407x_8x_177x_8x.o
    0x000000e4   0x000000e4   0x00000000   Code   RO          587  * .ARM.Collect$$$$00000000  mc_w.l(entry.o)
    0x000000e4   0x000000e4   0x00000004   Code   RO          590    .ARM.Collect$$$$00000001  mc_w.l(entry2.o)
    0x000000e8   0x000000e8   0x00000004   Code   RO          593    .ARM.Collect$$$$00000004  mc_w.l(entry5.o)
    0x000000ec   0x000000ec   0x00000000   Code   RO          595    .ARM.Collect$$$$00000008  mc_w.l(entry7b.o)
    0x000000ec   0x000000ec   0x00000000   Code   RO          597    .ARM.Collect$$$$0000000A  mc_w.l(entry8b.o)
    0x000000ec   0x000000ec   0x00000008   Code   RO          598    .ARM.Collect$$$$0000000B  mc_w.l(entry9a.o)
    0x000000f4   0x000000f4   0x00000000   Code   RO          600    .ARM.Collect$$$$0000000D  mc_w.l(entry10a.o)
    0x000000f4   0x000000f4   0x00000000   Code   RO          602    .ARM.Collect$$$$0000000F  mc_w.l(entry11a.o)
    0x000000f4   0x000000f4   0x00000004   Code   RO          591    .ARM.Collect$$$$00002712  mc_w.l(entry2.o)
    0x000000f8   0x000000f8   0x00000024   Code   RO          539  * .text               startup_lpc407x_8x_177x_8x.o
    0x0000011c   0x0000011c   0x00000024   Code   RO          604    .text               mc_w.l(init.o)
    0x00000140   0x00000140   0x00000090   Code   RO          427    i.ADC_Init          adc.o
    0x000001d0   0x000001d0   0x00000050   Code   RO          428    i.ADC_Read          adc.o
    0x00000220   0x00000220   0x00000050   Code   RO          429    i.ADC_Read2         adc.o
    0x00000270   0x00000270   0x00000050   Code   RO          430    i.ADC_Read_Trim     adc.o
    0x000002c0   0x000002c0   0x00000014   Code   RO          431    i.ADC_Start         adc.o
    0x000002d4   0x000002d4   0x00000014   Code   RO          432    i.ADC_Stop          adc.o
    0x000002e8   0x000002e8   0x00000012   Code   RO          165    i.GPIO_DIR_Write    gpio.o
    0x000002fa   0x000002fa   0x00000002   Code   RO          609    i.__scatterload_null  mc_w.l(handlers.o)
    0x000002fc   0x000002fc   0x00000004   Code   RO          538    .ARM.__at_0x02FC    startup_lpc407x_8x_177x_8x.o
    0x00000300   0x00000300   0x0000000a   Code   RO          166    i.GPIO_PIN_Read     gpio.o
    0x0000030a   0x0000030a   0x00000012   Code   RO          167    i.GPIO_PIN_Write    gpio.o
    0x0000031c   0x0000031c   0x00000018   Code   RO          204    i.Joystick_Center_Pressed  joystick.o
    0x00000334   0x00000334   0x00000018   Code   RO          205    i.Joystick_Down_Pressed  joystick.o
    0x0000034c   0x0000034c   0x0000003c   Code   RO          206    i.Joystick_Init     joystick.o
    0x00000388   0x00000388   0x00000018   Code   RO          207    i.Joystick_Left_Pressed  joystick.o
    0x000003a0   0x000003a0   0x00000018   Code   RO          208    i.Joystick_Right_Pressed  joystick.o
    0x000003b8   0x000003b8   0x00000018   Code   RO          209    i.Joystick_Up_Pressed  joystick.o
    0x000003d0   0x000003d0   0x00000048   Code   RO            4    i.LED               main.o
    0x00000418   0x00000418   0x00000020   Code   RO          261    i.PWM_Cycle_Rate    pwm.o
    0x00000438   0x00000438   0x0000008c   Code   RO          262    i.PWM_Init          pwm.o
    0x000004c4   0x000004c4   0x00000050   Code   RO          263    i.PWM_Write         pwm.o
    0x00000514   0x00000514   0x0000006c   Code   RO          487    i.Serial_Init       serial.o
    0x00000580   0x00000580   0x00000018   Code   RO          488    i.Serial_ReadData   serial.o
    0x00000598   0x00000598   0x00000016   Code   RO          489    i.Serial_Write      serial.o
    0x000005ae   0x000005ae   0x00000002   PAD
    0x000005b0   0x000005b0   0x00000018   Code   RO          490    i.Serial_WriteData  serial.o
    0x000005c8   0x000005c8   0x000002d4   Code   RO          548    i.SystemCoreClockUpdate  system_lpc407x_8x_177x_8x.o
    0x0000089c   0x0000089c   0x000000ec   Code   RO          549    i.SystemInit        system_lpc407x_8x_177x_8x.o
    0x00000988   0x00000988   0x000000ac   Code   RO          333    i.TIMER3_IRQHandler  ultrasonic.o
    0x00000a34   0x00000a34   0x00000078   Code   RO          303    i.Timer_Init        timer.o
    0x00000aac   0x00000aac   0x000000b8   Code   RO          334    i.Ultrasonic_Capture_Timer_Init  ultrasonic.o
    0x00000b64   0x00000b64   0x00000040   Code   RO          335    i.Ultrasonic_Start_Trigger  ultrasonic.o
    0x00000ba4   0x00000ba4   0x0000006c   Code   RO          336    i.Ultrasonic_Trigger_Timer_Init  ultrasonic.o
    0x00000c10   0x00000c10   0x0000001c   Code   RO          337    i.__NVIC_ClearPendingIRQ  ultrasonic.o
    0x00000c2c   0x00000c2c   0x0000000e   Code   RO          608    i.__scatterload_copy  mc_w.l(handlers.o)
    0x00000c3a   0x00000c3a   0x0000000e   Code   RO          610    i.__scatterload_zeroinit  mc_w.l(handlers.o)
    0x00000c48   0x00000c48   0x00000070   Code   RO            5    i.backward          main.o
    0x00000cb8   0x00000cb8   0x00000050   Code   RO            7    i.forward           main.o
    0x00000d08   0x00000d08   0x00000050   Code   RO          550    i.fpu_init          system_lpc407x_8x_177x_8x.o
    0x00000d58   0x00000d58   0x000000b8   Code   RO            8    i.init              main.o
    0x00000e10   0x00000e10   0x00000054   Code   RO            9    i.left              main.o
    0x00000e64   0x00000e64   0x0000000c   Code   RO           10    i.main              main.o
    0x00000e70   0x00000e70   0x0000005c   Code   RO           11    i.motorLeft         main.o
    0x00000ecc   0x00000ecc   0x00000058   Code   RO           12    i.motorRight        main.o
    0x00000f24   0x00000f24   0x00000038   Code   RO           13    i.pressed           main.o
    0x00000f5c   0x00000f5c   0x00000058   Code   RO           14    i.right             main.o
    0x00000fb4   0x00000fb4   0x00000064   Code   RO           15    i.stop              main.o
    0x00001018   0x00001018   0x000006cc   Code   RO           16    i.update            main.o
    0x000016e4   0x000016e4   0x00000014   Code   RO          394    i.wait              wait.o
    0x000016f8   0x000016f8   0x00000020   Data   RO          606    Region$$Table       anon$$obj.o


    Execution Region ER_RW (Exec base: 0x10000000, Load base: 0x00001718, Size: 0x0000007c, Max: 0xffffffff, ABSOLUTE)

    Exec Addr    Load Addr    Size         Type   Attr      Idx    E Section Name        Object

    0x10000000   0x00001718   0x00000058   Data   RW           17    .data               main.o
    0x10000058   0x00001770   0x00000014   Data   RW          338    .data               ultrasonic.o
    0x1000006c   0x00001784   0x00000010   Data   RW          551    .data               system_lpc407x_8x_177x_8x.o


    Execution Region ER_ZI (Exec base: 0x1000007c, Load base: 0x00001794, Size: 0x00000404, Max: 0xffffffff, ABSOLUTE)

    Exec Addr    Load Addr    Size         Type   Attr      Idx    E Section Name        Object

    0x1000007c   0x00001794   0x00000004   PAD
    0x10000080        -       0x00000400   Zero   RW          535    STACK               startup_lpc407x_8x_177x_8x.o


==============================================================================

Image component sizes


      Code (inc. data)   RO Data    RW Data    ZI Data      Debug   Object Name

       424         36          0          0          0       2897   adc.o
        46          0          0          0          0       2890   gpio.o
       180         26          0          0          0       3217   joystick.o
      2708        262          0         88          0      35305   main.o
       252         24          0          0          0       1544   pwm.o
       178         22          0          0          0       2050   serial.o
        40         12        228          0       1024       1104   startup_lpc407x_8x_177x_8x.o
      1040         62          0         16          0       4620   system_lpc407x_8x_177x_8x.o
       120         14          0          0          0        477   timer.o
       556         68          0         20          0      33679   ultrasonic.o
        20          0          0          0          0        515   wait.o

    ----------------------------------------------------------------------
      5566        526        260        124       1028      88298   Object Totals
         0          0         32          0          0          0   (incl. Generated)
         2          0          0          0          4          0   (incl. Padding)

    ----------------------------------------------------------------------

      Code (inc. data)   RO Data    RW Data    ZI Data      Debug   Library Member Name

         0          0          0          0          0          0   entry.o
         0          0          0          0          0          0   entry10a.o
         0          0          0          0          0          0   entry11a.o
         8          4          0          0          0          0   entry2.o
         4          0          0          0          0          0   entry5.o
         0          0          0          0          0          0   entry7b.o
         0          0          0          0          0          0   entry8b.o
         8          4          0          0          0          0   entry9a.o
        30          0          0          0          0          0   handlers.o
        36          8          0          0          0         68   init.o

    ----------------------------------------------------------------------
        86         16          0          0          0         68   Library Totals
         0          0          0          0          0          0   (incl. Padding)

    ----------------------------------------------------------------------

      Code (inc. data)   RO Data    RW Data    ZI Data      Debug   Library Name

        86         16          0          0          0         68   mc_w.l

    ----------------------------------------------------------------------
        86         16          0          0          0         68   Library Totals

    ----------------------------------------------------------------------

==============================================================================


      Code (inc. data)   RO Data    RW Data    ZI Data      Debug   

      5652        542        260        124       1028      84570   Grand Totals
      5652        542        260        124       1028      84570   ELF Image Totals
      5652        542        260        124          0          0   ROM Totals

==============================================================================

    Total RO  Size (Code + RO Data)                 5912 (   5.77kB)
    Total RW  Size (RW Data + ZI Data)              1152 (   1.13kB)
    Total ROM Size (Code + RO Data + RW Data)       6036 (   5.89kB)

==============================================================================

